{
  "Time": "April 2026 Monday at 02:07:17 am",
  "Endpoint": "/products/pid/010",
  "Method": "GET",
  "Data": [
    {
      "brand": "Adidas",
      "pid": "010",
      "image_url": "IMG67ed4d54544ff0.58119434.jpg",
      "country_of_origin": "India",
      "seller": "",
      "returnable": 1,
      "exchangeable": 1,
      "image_1": "IMG67ed4d545450e9.75736142.jpg",
      "image_2": "IMG67ed4d54545102.48577093.jpg",
      "image_3": "IMG67ed4d54545119.59621643.jpg",
      "image_4": "IMG67ed4d54545126.59537119.jpg",
      "productname": "Men casual dress",
      "price": "1999",
      "product_type": "suit",
      "color": "black",
      "gender": "men",
      "season": "",
      "1feature": "Fit : Slim-Fit",
      "2feature": "Shade : Regular",
      "3feature": "Mid-Rise : mid-rise",
      "4feature": "Cropped : Yes, cropped",
      "material": "90% cotton, 5% polyester, 5% elastane",
      "care": "Machine Wash",
      "count": "6",
      "rating": "4"
    }
  ],
  "Status": 200
}{
  "Time": "April 2026 Monday at 02:07:25 am",
  "Endpoint": "/products/pid/01",
  "Method": "GET",
  "Data": [
    {
      "brand": "Adidas",
      "pid": "01",
      "image_url": "IMG67ececf57ed6e8.90144485.jpg",
      "country_of_origin": "India",
      "seller": "",
      "returnable": 1,
      "exchangeable": 1,
      "image_1": "IMG67ececf57ee2c8.63526470.jpg",
      "image_2": "IMG67ececf57ee305.25591127.jpg",
      "image_3": "IMG67ececf57ee316.14547397.jpg",
      "image_4": "IMG67ececf57ee322.51995837.jpg",
      "productname": "Men and Women dress",
      "price": "1990",
      "product_type": "bra",
      "color": "black",
      "gender": "men",
      "season": "",
      "1feature": "Fit : Slim-Fit",
      "2feature": "Shade : Regular",
      "3feature": "Mid-Rise : mid-rise",
      "4feature": "Cropped : Yes, cropped",
      "material": "90% cotton, 5% polyester, 5% elastane",
      "care": "Machine Wash",
      "count": "5",
      "rating": "3"
    }
  ],
  "Status": 200
}{
  "Time": "April 2026 Monday at 02:07:43 am",
  "Endpoint": "/products/pid/010",
  "Method": "GET",
  "Data": [
    {
      "brand": "Adidas",
      "pid": "010",
      "image_url": "IMG67ed4d54544ff0.58119434.jpg",
      "country_of_origin": "India",
      "seller": "",
      "returnable": 1,
      "exchangeable": 1,
      "image_1": "IMG67ed4d545450e9.75736142.jpg",
      "image_2": "IMG67ed4d54545102.48577093.jpg",
      "image_3": "IMG67ed4d54545119.59621643.jpg",
      "image_4": "IMG67ed4d54545126.59537119.jpg",
      "productname": "Men casual dress",
      "price": "1999",
      "product_type": "suit",
      "color": "black",
      "gender": "men",
      "season": "",
      "1feature": "Fit : Slim-Fit",
      "2feature": "Shade : Regular",
      "3feature": "Mid-Rise : mid-rise",
      "4feature": "Cropped : Yes, cropped",
      "material": "90% cotton, 5% polyester, 5% elastane",
      "care": "Machine Wash",
      "count": "6",
      "rating": "4"
    }
  ],
  "Status": 200
}{
  "Time": "April 2026 Monday at 02:09:56 am",
  "Endpoint": "/products/pid/011",
  "Method": "GET",
  "Data": [
    {
      "brand": "Adidas",
      "pid": "011",
      "image_url": "IMG67ed4e012649a4.49468876.jpg",
      "country_of_origin": "India",
      "seller": "",
      "returnable": 1,
      "exchangeable": 1,
      "image_1": "IMG67ed4e01264ab1.81750857.jpg",
      "image_2": "IMG67ed4e01264ac9.09936348.jpg",
      "image_3": "IMG67ed4e01264ad3.59617905.jpg",
      "image_4": "IMG67ed4e01264ae5.77398826.jpg",
      "productname": "Women casual dress",
      "price": "1999",
      "product_type": "suit",
      "color": "black",
      "gender": "women",
      "season": "",
      "1feature": "Fit : Slim-Fit",
      "2feature": "Shade : Regular",
      "3feature": "Mid-Rise : mid-rise",
      "4feature": "Cropped : Yes, cropped",
      "material": "90% cotton, 5% polyester, 5% elastane",
      "care": "Machine Wash",
      "count": "2",
      "rating": "0"
    }
  ],
  "Status": 200
}{
  "Time": "April 2026 Monday at 02:10:20 am",
  "Endpoint": "/products/pid/011",
  "Method": "GET",
  "Data": [
    {
      "brand": "Adidas",
      "pid": "011",
      "image_url": "IMG67ed4e012649a4.49468876.jpg",
      "country_of_origin": "India",
      "seller": "",
      "returnable": 1,
      "exchangeable": 1,
      "image_1": "IMG67ed4e01264ab1.81750857.jpg",
      "image_2": "IMG67ed4e01264ac9.09936348.jpg",
      "image_3": "IMG67ed4e01264ad3.59617905.jpg",
      "image_4": "IMG67ed4e01264ae5.77398826.jpg",
      "productname": "Women casual dress",
      "price": "1999",
      "product_type": "suit",
      "color": "black",
      "gender": "women",
      "season": "",
      "1feature": "Fit : Slim-Fit",
      "2feature": "Shade : Regular",
      "3feature": "Mid-Rise : mid-rise",
      "4feature": "Cropped : Yes, cropped",
      "material": "90% cotton, 5% polyester, 5% elastane",
      "care": "Machine Wash",
      "count": "2",
      "rating": "0"
    }
  ],
  "Status": 200
}{
  "Time": "April 2026 Monday at 02:11:04 am",
  "Endpoint": "/products/pid/011",
  "Method": "GET",
  "Data": [
    {
      "brand": "Adidas",
      "pid": "011",
      "image_url": "IMG67ed4e012649a4.49468876.jpg",
      "country_of_origin": "India",
      "seller": "",
      "returnable": 1,
      "exchangeable": 1,
      "image_1": "IMG67ed4e01264ab1.81750857.jpg",
      "image_2": "IMG67ed4e01264ac9.09936348.jpg",
      "image_3": "IMG67ed4e01264ad3.59617905.jpg",
      "image_4": "IMG67ed4e01264ae5.77398826.jpg",
      "productname": "Women casual dress",
      "price": "1999",
      "product_type": "suit",
      "color": "black",
      "gender": "women",
      "season": "",
      "1feature": "Fit : Slim-Fit",
      "2feature": "Shade : Regular",
      "3feature": "Mid-Rise : mid-rise",
      "4feature": "Cropped : Yes, cropped",
      "material": "90% cotton, 5% polyester, 5% elastane",
      "care": "Machine Wash",
      "count": "2",
      "rating": "0"
    }
  ],
  "Status": 200
}{
  "Time": "April 2026 Monday at 02:12:37 am",
  "Endpoint": "/products/pid/01",
  "Method": "GET",
  "Data": [
    {
      "brand": "Adidas",
      "pid": "01",
      "image_url": "IMG67ececf57ed6e8.90144485.jpg",
      "country_of_origin": "India",
      "seller": "",
      "returnable": 1,
      "exchangeable": 1,
      "image_1": "IMG67ececf57ee2c8.63526470.jpg",
      "image_2": "IMG67ececf57ee305.25591127.jpg",
      "image_3": "IMG67ececf57ee316.14547397.jpg",
      "image_4": "IMG67ececf57ee322.51995837.jpg",
      "productname": "Men and Women dress",
      "price": "1990",
      "product_type": "bra",
      "color": "black",
      "gender": "men",
      "season": "",
      "1feature": "Fit : Slim-Fit",
      "2feature": "Shade : Regular",
      "3feature": "Mid-Rise : mid-rise",
      "4feature": "Cropped : Yes, cropped",
      "material": "90% cotton, 5% polyester, 5% elastane",
      "care": "Machine Wash",
      "count": "5",
      "rating": "3"
    }
  ],
  "Status": 200
}{
  "Time": "April 2026 Monday at 02:12:39 am",
  "Endpoint": "/products/pid/01",
  "Method": "GET",
  "Data": [
    {
      "brand": "Adidas",
      "pid": "01",
      "image_url": "IMG67ececf57ed6e8.90144485.jpg",
      "country_of_origin": "India",
      "seller": "",
      "returnable": 1,
      "exchangeable": 1,
      "image_1": "IMG67ececf57ee2c8.63526470.jpg",
      "image_2": "IMG67ececf57ee305.25591127.jpg",
      "image_3": "IMG67ececf57ee316.14547397.jpg",
      "image_4": "IMG67ececf57ee322.51995837.jpg",
      "productname": "Men and Women dress",
      "price": "1990",
      "product_type": "bra",
      "color": "black",
      "gender": "men",
      "season": "",
      "1feature": "Fit : Slim-Fit",
      "2feature": "Shade : Regular",
      "3feature": "Mid-Rise : mid-rise",
      "4feature": "Cropped : Yes, cropped",
      "material": "90% cotton, 5% polyester, 5% elastane",
      "care": "Machine Wash",
      "count": "5",
      "rating": "3"
    }
  ],
  "Status": 200
}{
  "Time": "April 2026 Monday at 03:17:42 am",
  "Endpoint": "/products/pid/01",
  "Method": "GET",
  "Data": [
    {
      "brand": "Adidas",
      "pid": "01",
      "image_url": "IMG67ececf57ed6e8.90144485.jpg",
      "country_of_origin": "India",
      "seller": "",
      "returnable": 1,
      "exchangeable": 1,
      "image_1": "IMG67ececf57ee2c8.63526470.jpg",
      "image_2": "IMG67ececf57ee305.25591127.jpg",
      "image_3": "IMG67ececf57ee316.14547397.jpg",
      "image_4": "IMG67ececf57ee322.51995837.jpg",
      "productname": "Men and Women dress",
      "price": "1990",
      "product_type": "bra",
      "color": "black",
      "gender": "men",
      "season": "",
      "1feature": "Fit : Slim-Fit",
      "2feature": "Shade : Regular",
      "3feature": "Mid-Rise : mid-rise",
      "4feature": "Cropped : Yes, cropped",
      "material": "90% cotton, 5% polyester, 5% elastane",
      "care": "Machine Wash",
      "count": "5",
      "rating": "5"
    }
  ],
  "Status": 200
}