{
  "Time": "September 2026 Thursday at 06:57:42 pm",
  "Endpoint": "/products/pid/003",
  "Method": "GET",
  "Data": [
    {
      "brand": "Adidas",
      "pid": "003",
      "image_url": "IMG67ed10d981f379.85788966.jpg",
      "country_of_origin": "India",
      "seller": "",
      "returnable": 1,
      "exchangeable": 1,
      "image_1": "IMG67ed10d981f555.00685942.jpg",
      "image_2": "IMG67ed10d981f570.70183664.jpg",
      "image_3": "IMG67ed10d981f5a1.53471045.jpg",
      "image_4": "IMG67ed10d981f5b9.47149171.jpg",
      "productname": "men stylist dress",
      "price": "2999",
      "product_type": "suit",
      "color": "black",
      "gender": "women",
      "season": "",
      "1feature": "Fit : Slim-Fit",
      "2feature": "Shade : Regular",
      "3feature": "Mid-Rise : mid-rise",
      "4feature": "Cropped : Yes, cropped",
      "material": "90% cotton, 5% polyester, 5% elastane",
      "care": "Machine Wash",
      "count": "3",
      "rating": "0"
    }
  ],
  "Status": 200
}{
  "Time": "September 2026 Thursday at 06:57:51 pm",
  "Endpoint": "/products/pid/012",
  "Method": "GET",
  "Data": [
    {
      "brand": "Adidas",
      "pid": "012",
      "image_url": "IMG67ed57bc9ee375.12289047.jpg",
      "country_of_origin": "India",
      "seller": "",
      "returnable": 1,
      "exchangeable": 1,
      "image_1": "IMG67ed57bc9ee6e4.69104071.jpg",
      "image_2": "IMG67ed57bc9ee712.69648245.jpg",
      "image_3": "IMG67ed57bc9ee751.16067346.jpg",
      "image_4": "IMG67ed57bc9ee775.19055651.jpg",
      "productname": "Women casual dress",
      "price": "1999",
      "product_type": "suit",
      "color": "black",
      "gender": "women",
      "season": "",
      "1feature": "Fit : Slim-Fit",
      "2feature": "Shade : Regular",
      "3feature": "Mid-Rise : mid-rise",
      "4feature": "Cropped : Yes, cropped",
      "material": "90% cotton, 5% polyester, 5% elastane",
      "care": "Machine Wash",
      "count": "2",
      "rating": "0"
    }
  ],
  "Status": 200
}{
  "Time": "September 2026 Thursday at 06:59:56 pm",
  "Endpoint": "/products/pid/012",
  "Method": "GET",
  "Data": [
    {
      "brand": "Adidas",
      "pid": "012",
      "image_url": "IMG67ed57bc9ee375.12289047.jpg",
      "country_of_origin": "India",
      "seller": "",
      "returnable": 1,
      "exchangeable": 1,
      "image_1": "IMG67ed57bc9ee6e4.69104071.jpg",
      "image_2": "IMG67ed57bc9ee712.69648245.jpg",
      "image_3": "IMG67ed57bc9ee751.16067346.jpg",
      "image_4": "IMG67ed57bc9ee775.19055651.jpg",
      "productname": "Women casual dress",
      "price": "1999",
      "product_type": "suit",
      "color": "black",
      "gender": "women",
      "season": "",
      "1feature": "Fit : Slim-Fit",
      "2feature": "Shade : Regular",
      "3feature": "Mid-Rise : mid-rise",
      "4feature": "Cropped : Yes, cropped",
      "material": "90% cotton, 5% polyester, 5% elastane",
      "care": "Machine Wash",
      "count": "2",
      "rating": "0"
    }
  ],
  "Status": 200
}{
  "Time": "September 2026 Thursday at 07:00:36 pm",
  "Endpoint": "/products/pid/012",
  "Method": "GET",
  "Data": [
    {
      "brand": "Adidas",
      "pid": "012",
      "image_url": "IMG67ed57bc9ee375.12289047.jpg",
      "country_of_origin": "India",
      "seller": "",
      "returnable": 1,
      "exchangeable": 1,
      "image_1": "IMG67ed57bc9ee6e4.69104071.jpg",
      "image_2": "IMG67ed57bc9ee712.69648245.jpg",
      "image_3": "IMG67ed57bc9ee751.16067346.jpg",
      "image_4": "IMG67ed57bc9ee775.19055651.jpg",
      "productname": "Women casual dress",
      "price": "1999",
      "product_type": "suit",
      "color": "black",
      "gender": "women",
      "season": "",
      "1feature": "Fit : Slim-Fit",
      "2feature": "Shade : Regular",
      "3feature": "Mid-Rise : mid-rise",
      "4feature": "Cropped : Yes, cropped",
      "material": "90% cotton, 5% polyester, 5% elastane",
      "care": "Machine Wash",
      "count": "2",
      "rating": "0"
    }
  ],
  "Status": 200
}