{
  "Time": "April 2026 Thursday at 12:44:32 am",
  "Endpoint": "/products/pid/010",
  "Method": "GET",
  "Data": [
    {
      "brand": "Adidas",
      "pid": "010",
      "image_url": "IMG67ed4d54544ff0.58119434.jpg",
      "country_of_origin": "India",
      "seller": "",
      "returnable": 1,
      "exchangeable": 1,
      "image_1": "IMG67ed4d545450e9.75736142.jpg",
      "image_2": "IMG67ed4d54545102.48577093.jpg",
      "image_3": "IMG67ed4d54545119.59621643.jpg",
      "image_4": "IMG67ed4d54545126.59537119.jpg",
      "productname": "Men casual dress",
      "price": "1999",
      "product_type": "suit",
      "color": "black",
      "gender": "men",
      "season": "",
      "1feature": "Fit : Slim-Fit",
      "2feature": "Shade : Regular",
      "3feature": "Mid-Rise : mid-rise",
      "4feature": "Cropped : Yes, cropped",
      "material": "90% cotton, 5% polyester, 5% elastane",
      "care": "Machine Wash",
      "count": "6",
      "rating": "4"
    }
  ],
  "Status": 200
}{
  "Time": "April 2026 Thursday at 12:48:54 am",
  "Endpoint": "/products/pid/003",
  "Method": "GET",
  "Data": [
    {
      "brand": "Adidas",
      "pid": "003",
      "image_url": "IMG67ed10d981f379.85788966.jpg",
      "country_of_origin": "India",
      "seller": "",
      "returnable": 1,
      "exchangeable": 1,
      "image_1": "IMG67ed10d981f555.00685942.jpg",
      "image_2": "IMG67ed10d981f570.70183664.jpg",
      "image_3": "IMG67ed10d981f5a1.53471045.jpg",
      "image_4": "IMG67ed10d981f5b9.47149171.jpg",
      "productname": "men stylist dress",
      "price": "2999",
      "product_type": "suit",
      "color": "black",
      "gender": "women",
      "season": "",
      "1feature": "Fit : Slim-Fit",
      "2feature": "Shade : Regular",
      "3feature": "Mid-Rise : mid-rise",
      "4feature": "Cropped : Yes, cropped",
      "material": "90% cotton, 5% polyester, 5% elastane",
      "care": "Machine Wash",
      "count": "2",
      "rating": "0"
    }
  ],
  "Status": 200
}{
  "Time": "April 2026 Thursday at 12:49:38 am",
  "Endpoint": "/products/pid/003",
  "Method": "GET",
  "Data": [
    {
      "brand": "Adidas",
      "pid": "003",
      "image_url": "IMG67ed10d981f379.85788966.jpg",
      "country_of_origin": "India",
      "seller": "",
      "returnable": 1,
      "exchangeable": 1,
      "image_1": "IMG67ed10d981f555.00685942.jpg",
      "image_2": "IMG67ed10d981f570.70183664.jpg",
      "image_3": "IMG67ed10d981f5a1.53471045.jpg",
      "image_4": "IMG67ed10d981f5b9.47149171.jpg",
      "productname": "men stylist dress",
      "price": "2999",
      "product_type": "suit",
      "color": "black",
      "gender": "women",
      "season": "",
      "1feature": "Fit : Slim-Fit",
      "2feature": "Shade : Regular",
      "3feature": "Mid-Rise : mid-rise",
      "4feature": "Cropped : Yes, cropped",
      "material": "90% cotton, 5% polyester, 5% elastane",
      "care": "Machine Wash",
      "count": "2",
      "rating": "0"
    }
  ],
  "Status": 200
}{
  "Time": "April 2026 Thursday at 12:50:49 am",
  "Endpoint": "/products/pid/3000",
  "Method": "GET",
  "Data": [
    {
      "brand": "Levis",
      "pid": "3000",
      "image_url": "IMG66c1ae97bfac31.86719565.jpg",
      "country_of_origin": "India",
      "seller": "",
      "returnable": 1,
      "exchangeable": 1,
      "image_1": "IMG66c1ae97bfae08.39040184.jpg",
      "image_2": "IMG66c1ae97bfae27.50616904.jpg",
      "image_3": "IMG66c1ae97bfae36.17482354.jpg",
      "image_4": "IMG66c1ae97bfae44.90674644.jpg",
      "productname": "Unisex jeans and caps for men and women",
      "price": "1200",
      "product_type": "Jeans",
      "color": "Blue",
      "gender": "Men",
      "season": "",
      "1feature": "Fit : Slim-Fit",
      "2feature": "Shade : Regular",
      "3feature": "Mid-Rise : mid-rise",
      "4feature": "Cropped : Yes, cropped",
      "material": "90% cotton, 5% polyester, 5% elastane",
      "care": "Machine Wash",
      "count": "9",
      "rating": "5"
    }
  ],
  "Status": 200
}{
  "Time": "April 2026 Thursday at 12:59:37 am",
  "Endpoint": "/products/pid/002",
  "Method": "GET",
  "Data": [
    {
      "brand": "Adidas",
      "pid": "002",
      "image_url": "IMG67ed0fd32b37e3.28706772.jpg",
      "country_of_origin": "India",
      "seller": "",
      "returnable": 1,
      "exchangeable": 1,
      "image_1": "IMG67ed0fd32b3a92.08247770.jpg",
      "image_2": "IMG67ed0fd32b3ab0.55728221.jpg",
      "image_3": "IMG67ed0fd32b3ad4.83009187.jpg",
      "image_4": "IMG67ed0fd32b3af1.20143004.jpg",
      "productname": "women stylist dress",
      "price": "2999",
      "product_type": "suit",
      "color": "black",
      "gender": "women",
      "season": "",
      "1feature": "Fit : Slim-Fit",
      "2feature": "Shade : Regular",
      "3feature": "Mid-Rise : mid-rise",
      "4feature": "Cropped : Yes, cropped",
      "material": "90% cotton, 5% polyester, 5% elastane",
      "care": "Machine Wash",
      "count": "0",
      "rating": "0"
    }
  ],
  "Status": 200
}{
  "Time": "April 2026 Thursday at 01:29:32 am",
  "Endpoint": "/products/pid/01",
  "Method": "GET",
  "Data": [
    {
      "brand": "Adidas",
      "pid": "01",
      "image_url": "IMG67ececf57ed6e8.90144485.jpg",
      "country_of_origin": "India",
      "seller": "",
      "returnable": 1,
      "exchangeable": 1,
      "image_1": "IMG67ececf57ee2c8.63526470.jpg",
      "image_2": "IMG67ececf57ee305.25591127.jpg",
      "image_3": "IMG67ececf57ee316.14547397.jpg",
      "image_4": "IMG67ececf57ee322.51995837.jpg",
      "productname": "Men and Women dress",
      "price": "1990",
      "product_type": "bra",
      "color": "black",
      "gender": "men",
      "season": "",
      "1feature": "Fit : Slim-Fit",
      "2feature": "Shade : Regular",
      "3feature": "Mid-Rise : mid-rise",
      "4feature": "Cropped : Yes, cropped",
      "material": "90% cotton, 5% polyester, 5% elastane",
      "care": "Machine Wash",
      "count": "5",
      "rating": "5"
    }
  ],
  "Status": 200
}{
  "Time": "April 2026 Thursday at 01:55:28 am",
  "Endpoint": "/products/pid/008",
  "Method": "GET",
  "Data": [
    {
      "brand": "Adidas",
      "pid": "008",
      "image_url": "IMG67ed1228072cd3.74928264.jpg",
      "country_of_origin": "India",
      "seller": "",
      "returnable": 1,
      "exchangeable": 1,
      "image_1": "IMG67ed1228072e61.33587509.jpg",
      "image_2": "IMG67ed1228072e83.94975255.jpg",
      "image_3": "IMG67ed1228072ea0.79320432.jpg",
      "image_4": "IMG67ed1228072ec0.43469785.jpg",
      "productname": "Men stylist dress",
      "price": "3999",
      "product_type": "suit",
      "color": "black",
      "gender": "men",
      "season": "",
      "1feature": "Fit : Slim-Fit",
      "2feature": "Shade : Regular",
      "3feature": "Mid-Rise : mid-rise",
      "4feature": "Cropped : Yes, cropped",
      "material": "90% cotton, 5% polyester, 5% elastane",
      "care": "Machine Wash",
      "count": "9",
      "rating": "0"
    }
  ],
  "Status": 200
}{
  "Time": "April 2026 Thursday at 02:06:25 am",
  "Endpoint": "/products/pid/003",
  "Method": "GET",
  "Data": [
    {
      "brand": "Adidas",
      "pid": "003",
      "image_url": "IMG67ed10d981f379.85788966.jpg",
      "country_of_origin": "India",
      "seller": "",
      "returnable": 1,
      "exchangeable": 1,
      "image_1": "IMG67ed10d981f555.00685942.jpg",
      "image_2": "IMG67ed10d981f570.70183664.jpg",
      "image_3": "IMG67ed10d981f5a1.53471045.jpg",
      "image_4": "IMG67ed10d981f5b9.47149171.jpg",
      "productname": "men stylist dress",
      "price": "2999",
      "product_type": "suit",
      "color": "black",
      "gender": "women",
      "season": "",
      "1feature": "Fit : Slim-Fit",
      "2feature": "Shade : Regular",
      "3feature": "Mid-Rise : mid-rise",
      "4feature": "Cropped : Yes, cropped",
      "material": "90% cotton, 5% polyester, 5% elastane",
      "care": "Machine Wash",
      "count": "2",
      "rating": "0"
    }
  ],
  "Status": 200
}{
  "Time": "April 2026 Thursday at 02:15:05 am",
  "Endpoint": "/products/pid/007",
  "Method": "GET",
  "Data": [
    {
      "brand": "Adidas",
      "pid": "007",
      "image_url": "IMG67ed11d269ac33.97924931.jpg",
      "country_of_origin": "India",
      "seller": "",
      "returnable": 1,
      "exchangeable": 1,
      "image_1": "IMG67ed11d269ad07.10108410.jpg",
      "image_2": "IMG67ed11d269ad27.63170841.jpg",
      "image_3": "IMG67ed11d269ad43.29621386.jpg",
      "image_4": "IMG67ed11d269ad72.13484214.jpg",
      "productname": "Women stylist dress",
      "price": "3999",
      "product_type": "suit",
      "color": "black",
      "gender": "women",
      "season": "",
      "1feature": "Fit : Slim-Fit",
      "2feature": "Shade : Regular",
      "3feature": "Mid-Rise : mid-rise",
      "4feature": "Cropped : Yes, cropped",
      "material": "90% cotton, 5% polyester, 5% elastane",
      "care": "Machine Wash",
      "count": "5",
      "rating": "0"
    }
  ],
  "Status": 200
}{
  "Time": "April 2026 Thursday at 02:17:49 am",
  "Endpoint": "/products/pid/003",
  "Method": "GET",
  "Data": [
    {
      "brand": "Adidas",
      "pid": "003",
      "image_url": "IMG67ed10d981f379.85788966.jpg",
      "country_of_origin": "India",
      "seller": "",
      "returnable": 1,
      "exchangeable": 1,
      "image_1": "IMG67ed10d981f555.00685942.jpg",
      "image_2": "IMG67ed10d981f570.70183664.jpg",
      "image_3": "IMG67ed10d981f5a1.53471045.jpg",
      "image_4": "IMG67ed10d981f5b9.47149171.jpg",
      "productname": "men stylist dress",
      "price": "2999",
      "product_type": "suit",
      "color": "black",
      "gender": "women",
      "season": "",
      "1feature": "Fit : Slim-Fit",
      "2feature": "Shade : Regular",
      "3feature": "Mid-Rise : mid-rise",
      "4feature": "Cropped : Yes, cropped",
      "material": "90% cotton, 5% polyester, 5% elastane",
      "care": "Machine Wash",
      "count": "2",
      "rating": "0"
    }
  ],
  "Status": 200
}{
  "Time": "April 2026 Thursday at 02:34:02 am",
  "Endpoint": "/products/pid/007",
  "Method": "GET",
  "Data": [
    {
      "brand": "Adidas",
      "pid": "007",
      "image_url": "IMG67ed11d269ac33.97924931.jpg",
      "country_of_origin": "India",
      "seller": "",
      "returnable": 1,
      "exchangeable": 1,
      "image_1": "IMG67ed11d269ad07.10108410.jpg",
      "image_2": "IMG67ed11d269ad27.63170841.jpg",
      "image_3": "IMG67ed11d269ad43.29621386.jpg",
      "image_4": "IMG67ed11d269ad72.13484214.jpg",
      "productname": "Women stylist dress",
      "price": "3999",
      "product_type": "suit",
      "color": "black",
      "gender": "women",
      "season": "",
      "1feature": "Fit : Slim-Fit",
      "2feature": "Shade : Regular",
      "3feature": "Mid-Rise : mid-rise",
      "4feature": "Cropped : Yes, cropped",
      "material": "90% cotton, 5% polyester, 5% elastane",
      "care": "Machine Wash",
      "count": "5",
      "rating": "0"
    }
  ],
  "Status": 200
}