{
  "Time": "April 2026 Monday at 02:10:49 pm",
  "Endpoint": "/products/pid/005",
  "Method": "GET",
  "Data": [
    {
      "brand": "Adidas",
      "pid": "005",
      "image_url": "IMG67ed10fe485d65.77802875.jpg",
      "country_of_origin": "India",
      "seller": "",
      "returnable": 1,
      "exchangeable": 1,
      "image_1": "IMG67ed10fe485f00.48919829.jpg",
      "image_2": "IMG67ed10fe485f38.20290991.jpg",
      "image_3": "IMG67ed10fe485f51.01341204.jpg",
      "image_4": "IMG67ed10fe485f74.60102962.jpg",
      "productname": "men stylist dress",
      "price": "1999",
      "product_type": "suit",
      "color": "black",
      "gender": "men",
      "season": "",
      "1feature": "Fit : Slim-Fit",
      "2feature": "Shade : Regular",
      "3feature": "Mid-Rise : mid-rise",
      "4feature": "Cropped : Yes, cropped",
      "material": "90% cotton, 5% polyester, 5% elastane",
      "care": "Machine Wash",
      "count": "7",
      "rating": "0"
    }
  ],
  "Status": 200
}{
  "Time": "April 2026 Monday at 02:10:55 pm",
  "Endpoint": "/products/pid/007",
  "Method": "GET",
  "Data": [
    {
      "brand": "Adidas",
      "pid": "007",
      "image_url": "IMG67ed11d269ac33.97924931.jpg",
      "country_of_origin": "India",
      "seller": "",
      "returnable": 1,
      "exchangeable": 1,
      "image_1": "IMG67ed11d269ad07.10108410.jpg",
      "image_2": "IMG67ed11d269ad27.63170841.jpg",
      "image_3": "IMG67ed11d269ad43.29621386.jpg",
      "image_4": "IMG67ed11d269ad72.13484214.jpg",
      "productname": "Women stylist dress",
      "price": "3999",
      "product_type": "suit",
      "color": "black",
      "gender": "women",
      "season": "",
      "1feature": "Fit : Slim-Fit",
      "2feature": "Shade : Regular",
      "3feature": "Mid-Rise : mid-rise",
      "4feature": "Cropped : Yes, cropped",
      "material": "90% cotton, 5% polyester, 5% elastane",
      "care": "Machine Wash",
      "count": "5",
      "rating": "0"
    }
  ],
  "Status": 200
}{
  "Time": "April 2026 Monday at 02:11:05 pm",
  "Endpoint": "/products/pid/011",
  "Method": "GET",
  "Data": [
    {
      "brand": "Adidas",
      "pid": "011",
      "image_url": "IMG67ed4e012649a4.49468876.jpg",
      "country_of_origin": "India",
      "seller": "",
      "returnable": 1,
      "exchangeable": 1,
      "image_1": "IMG67ed4e01264ab1.81750857.jpg",
      "image_2": "IMG67ed4e01264ac9.09936348.jpg",
      "image_3": "IMG67ed4e01264ad3.59617905.jpg",
      "image_4": "IMG67ed4e01264ae5.77398826.jpg",
      "productname": "Women casual dress",
      "price": "1999",
      "product_type": "suit",
      "color": "black",
      "gender": "women",
      "season": "",
      "1feature": "Fit : Slim-Fit",
      "2feature": "Shade : Regular",
      "3feature": "Mid-Rise : mid-rise",
      "4feature": "Cropped : Yes, cropped",
      "material": "90% cotton, 5% polyester, 5% elastane",
      "care": "Machine Wash",
      "count": "3",
      "rating": "0"
    }
  ],
  "Status": 200
}{
  "Time": "April 2026 Monday at 02:12:31 pm",
  "Endpoint": "/products/pid/005",
  "Method": "GET",
  "Data": [
    {
      "brand": "Adidas",
      "pid": "005",
      "image_url": "IMG67ed10fe485d65.77802875.jpg",
      "country_of_origin": "India",
      "seller": "",
      "returnable": 1,
      "exchangeable": 1,
      "image_1": "IMG67ed10fe485f00.48919829.jpg",
      "image_2": "IMG67ed10fe485f38.20290991.jpg",
      "image_3": "IMG67ed10fe485f51.01341204.jpg",
      "image_4": "IMG67ed10fe485f74.60102962.jpg",
      "productname": "men stylist dress",
      "price": "1999",
      "product_type": "suit",
      "color": "black",
      "gender": "men",
      "season": "",
      "1feature": "Fit : Slim-Fit",
      "2feature": "Shade : Regular",
      "3feature": "Mid-Rise : mid-rise",
      "4feature": "Cropped : Yes, cropped",
      "material": "90% cotton, 5% polyester, 5% elastane",
      "care": "Machine Wash",
      "count": "7",
      "rating": "0"
    }
  ],
  "Status": 200
}{
  "Time": "April 2026 Monday at 02:12:46 pm",
  "Endpoint": "/products/pid/005",
  "Method": "GET",
  "Data": [
    {
      "brand": "Adidas",
      "pid": "005",
      "image_url": "IMG67ed10fe485d65.77802875.jpg",
      "country_of_origin": "India",
      "seller": "",
      "returnable": 1,
      "exchangeable": 1,
      "image_1": "IMG67ed10fe485f00.48919829.jpg",
      "image_2": "IMG67ed10fe485f38.20290991.jpg",
      "image_3": "IMG67ed10fe485f51.01341204.jpg",
      "image_4": "IMG67ed10fe485f74.60102962.jpg",
      "productname": "men stylist dress",
      "price": "1999",
      "product_type": "suit",
      "color": "black",
      "gender": "men",
      "season": "",
      "1feature": "Fit : Slim-Fit",
      "2feature": "Shade : Regular",
      "3feature": "Mid-Rise : mid-rise",
      "4feature": "Cropped : Yes, cropped",
      "material": "90% cotton, 5% polyester, 5% elastane",
      "care": "Machine Wash",
      "count": "7",
      "rating": "0"
    }
  ],
  "Status": 200
}{
  "Time": "April 2026 Monday at 02:13:09 pm",
  "Endpoint": "/products/pid/005",
  "Method": "GET",
  "Data": [
    {
      "brand": "Adidas",
      "pid": "005",
      "image_url": "IMG67ed10fe485d65.77802875.jpg",
      "country_of_origin": "India",
      "seller": "",
      "returnable": 1,
      "exchangeable": 1,
      "image_1": "IMG67ed10fe485f00.48919829.jpg",
      "image_2": "IMG67ed10fe485f38.20290991.jpg",
      "image_3": "IMG67ed10fe485f51.01341204.jpg",
      "image_4": "IMG67ed10fe485f74.60102962.jpg",
      "productname": "men stylist dress",
      "price": "1999",
      "product_type": "suit",
      "color": "black",
      "gender": "men",
      "season": "",
      "1feature": "Fit : Slim-Fit",
      "2feature": "Shade : Regular",
      "3feature": "Mid-Rise : mid-rise",
      "4feature": "Cropped : Yes, cropped",
      "material": "90% cotton, 5% polyester, 5% elastane",
      "care": "Machine Wash",
      "count": "7",
      "rating": "0"
    }
  ],
  "Status": 200
}{
  "Time": "April 2026 Monday at 02:13:15 pm",
  "Endpoint": "/products/pid/005",
  "Method": "GET",
  "Data": [
    {
      "brand": "Adidas",
      "pid": "005",
      "image_url": "IMG67ed10fe485d65.77802875.jpg",
      "country_of_origin": "India",
      "seller": "",
      "returnable": 1,
      "exchangeable": 1,
      "image_1": "IMG67ed10fe485f00.48919829.jpg",
      "image_2": "IMG67ed10fe485f38.20290991.jpg",
      "image_3": "IMG67ed10fe485f51.01341204.jpg",
      "image_4": "IMG67ed10fe485f74.60102962.jpg",
      "productname": "men stylist dress",
      "price": "1999",
      "product_type": "suit",
      "color": "black",
      "gender": "men",
      "season": "",
      "1feature": "Fit : Slim-Fit",
      "2feature": "Shade : Regular",
      "3feature": "Mid-Rise : mid-rise",
      "4feature": "Cropped : Yes, cropped",
      "material": "90% cotton, 5% polyester, 5% elastane",
      "care": "Machine Wash",
      "count": "7",
      "rating": "0"
    }
  ],
  "Status": 200
}{
  "Time": "April 2026 Monday at 02:13:16 pm",
  "Endpoint": "/products/pid/005",
  "Method": "GET",
  "Data": [
    {
      "brand": "Adidas",
      "pid": "005",
      "image_url": "IMG67ed10fe485d65.77802875.jpg",
      "country_of_origin": "India",
      "seller": "",
      "returnable": 1,
      "exchangeable": 1,
      "image_1": "IMG67ed10fe485f00.48919829.jpg",
      "image_2": "IMG67ed10fe485f38.20290991.jpg",
      "image_3": "IMG67ed10fe485f51.01341204.jpg",
      "image_4": "IMG67ed10fe485f74.60102962.jpg",
      "productname": "men stylist dress",
      "price": "1999",
      "product_type": "suit",
      "color": "black",
      "gender": "men",
      "season": "",
      "1feature": "Fit : Slim-Fit",
      "2feature": "Shade : Regular",
      "3feature": "Mid-Rise : mid-rise",
      "4feature": "Cropped : Yes, cropped",
      "material": "90% cotton, 5% polyester, 5% elastane",
      "care": "Machine Wash",
      "count": "7",
      "rating": "0"
    }
  ],
  "Status": 200
}{
  "Time": "April 2026 Monday at 02:13:56 pm",
  "Endpoint": "/products/pid/005",
  "Method": "GET",
  "Data": [
    {
      "brand": "Adidas",
      "pid": "005",
      "image_url": "IMG67ed10fe485d65.77802875.jpg",
      "country_of_origin": "India",
      "seller": "",
      "returnable": 1,
      "exchangeable": 1,
      "image_1": "IMG67ed10fe485f00.48919829.jpg",
      "image_2": "IMG67ed10fe485f38.20290991.jpg",
      "image_3": "IMG67ed10fe485f51.01341204.jpg",
      "image_4": "IMG67ed10fe485f74.60102962.jpg",
      "productname": "men stylist dress",
      "price": "1999",
      "product_type": "suit",
      "color": "black",
      "gender": "men",
      "season": "",
      "1feature": "Fit : Slim-Fit",
      "2feature": "Shade : Regular",
      "3feature": "Mid-Rise : mid-rise",
      "4feature": "Cropped : Yes, cropped",
      "material": "90% cotton, 5% polyester, 5% elastane",
      "care": "Machine Wash",
      "count": "7",
      "rating": "0"
    }
  ],
  "Status": 200
}{
  "Time": "April 2026 Monday at 02:27:25 pm",
  "Endpoint": "/products/pid/009",
  "Method": "GET",
  "Data": [
    {
      "brand": "Adidas",
      "pid": "009",
      "image_url": "IMG67ed4cf1cdeff3.67674769.jpg",
      "country_of_origin": "India",
      "seller": "",
      "returnable": 1,
      "exchangeable": 1,
      "image_1": "IMG67ed4cf1cdf144.01146363.jpg",
      "image_2": "IMG67ed4cf1cdf154.57735384.jpg",
      "image_3": "IMG67ed4cf1cdf160.97934026.jpg",
      "image_4": "IMG67ed4cf1cdf175.64615169.jpg",
      "productname": "Men stylist dress",
      "price": "3999",
      "product_type": "suit",
      "color": "black",
      "gender": "men",
      "season": "",
      "1feature": "Fit : Slim-Fit",
      "2feature": "Shade : Regular",
      "3feature": "Mid-Rise : mid-rise",
      "4feature": "Cropped : Yes, cropped",
      "material": "90% cotton, 5% polyester, 5% elastane",
      "care": "Machine Wash",
      "count": "4",
      "rating": "0"
    }
  ],
  "Status": 200
}{
  "Time": "April 2026 Monday at 03:27:22 pm",
  "Endpoint": "/products/pid/011",
  "Method": "GET",
  "Data": [
    {
      "brand": "Adidas",
      "pid": "011",
      "image_url": "IMG67ed4e012649a4.49468876.jpg",
      "country_of_origin": "India",
      "seller": "",
      "returnable": 1,
      "exchangeable": 1,
      "image_1": "IMG67ed4e01264ab1.81750857.jpg",
      "image_2": "IMG67ed4e01264ac9.09936348.jpg",
      "image_3": "IMG67ed4e01264ad3.59617905.jpg",
      "image_4": "IMG67ed4e01264ae5.77398826.jpg",
      "productname": "Women casual dress",
      "price": "1999",
      "product_type": "suit",
      "color": "black",
      "gender": "women",
      "season": "",
      "1feature": "Fit : Slim-Fit",
      "2feature": "Shade : Regular",
      "3feature": "Mid-Rise : mid-rise",
      "4feature": "Cropped : Yes, cropped",
      "material": "90% cotton, 5% polyester, 5% elastane",
      "care": "Machine Wash",
      "count": "4",
      "rating": "0"
    }
  ],
  "Status": 200
}{
  "Time": "April 2026 Monday at 03:28:06 pm",
  "Endpoint": "/products/pid/007",
  "Method": "GET",
  "Data": [
    {
      "brand": "Adidas",
      "pid": "007",
      "image_url": "IMG67ed11d269ac33.97924931.jpg",
      "country_of_origin": "India",
      "seller": "",
      "returnable": 1,
      "exchangeable": 1,
      "image_1": "IMG67ed11d269ad07.10108410.jpg",
      "image_2": "IMG67ed11d269ad27.63170841.jpg",
      "image_3": "IMG67ed11d269ad43.29621386.jpg",
      "image_4": "IMG67ed11d269ad72.13484214.jpg",
      "productname": "Women stylist dress",
      "price": "3999",
      "product_type": "suit",
      "color": "black",
      "gender": "women",
      "season": "",
      "1feature": "Fit : Slim-Fit",
      "2feature": "Shade : Regular",
      "3feature": "Mid-Rise : mid-rise",
      "4feature": "Cropped : Yes, cropped",
      "material": "90% cotton, 5% polyester, 5% elastane",
      "care": "Machine Wash",
      "count": "5",
      "rating": "0"
    }
  ],
  "Status": 200
}{
  "Time": "April 2026 Monday at 03:28:08 pm",
  "Endpoint": "/products/pid/007",
  "Method": "GET",
  "Data": [
    {
      "brand": "Adidas",
      "pid": "007",
      "image_url": "IMG67ed11d269ac33.97924931.jpg",
      "country_of_origin": "India",
      "seller": "",
      "returnable": 1,
      "exchangeable": 1,
      "image_1": "IMG67ed11d269ad07.10108410.jpg",
      "image_2": "IMG67ed11d269ad27.63170841.jpg",
      "image_3": "IMG67ed11d269ad43.29621386.jpg",
      "image_4": "IMG67ed11d269ad72.13484214.jpg",
      "productname": "Women stylist dress",
      "price": "3999",
      "product_type": "suit",
      "color": "black",
      "gender": "women",
      "season": "",
      "1feature": "Fit : Slim-Fit",
      "2feature": "Shade : Regular",
      "3feature": "Mid-Rise : mid-rise",
      "4feature": "Cropped : Yes, cropped",
      "material": "90% cotton, 5% polyester, 5% elastane",
      "care": "Machine Wash",
      "count": "5",
      "rating": "0"
    }
  ],
  "Status": 200
}{
  "Time": "April 2026 Monday at 03:30:53 pm",
  "Endpoint": "/products/pid/011",
  "Method": "GET",
  "Data": [
    {
      "brand": "Adidas",
      "pid": "011",
      "image_url": "IMG67ed4e012649a4.49468876.jpg",
      "country_of_origin": "India",
      "seller": "",
      "returnable": 1,
      "exchangeable": 1,
      "image_1": "IMG67ed4e01264ab1.81750857.jpg",
      "image_2": "IMG67ed4e01264ac9.09936348.jpg",
      "image_3": "IMG67ed4e01264ad3.59617905.jpg",
      "image_4": "IMG67ed4e01264ae5.77398826.jpg",
      "productname": "Women casual dress",
      "price": "1999",
      "product_type": "suit",
      "color": "black",
      "gender": "women",
      "season": "",
      "1feature": "Fit : Slim-Fit",
      "2feature": "Shade : Regular",
      "3feature": "Mid-Rise : mid-rise",
      "4feature": "Cropped : Yes, cropped",
      "material": "90% cotton, 5% polyester, 5% elastane",
      "care": "Machine Wash",
      "count": "4",
      "rating": "0"
    }
  ],
  "Status": 200
}{
  "Time": "April 2026 Monday at 03:31:10 pm",
  "Endpoint": "/products/pid/007",
  "Method": "GET",
  "Data": [
    {
      "brand": "Adidas",
      "pid": "007",
      "image_url": "IMG67ed11d269ac33.97924931.jpg",
      "country_of_origin": "India",
      "seller": "",
      "returnable": 1,
      "exchangeable": 1,
      "image_1": "IMG67ed11d269ad07.10108410.jpg",
      "image_2": "IMG67ed11d269ad27.63170841.jpg",
      "image_3": "IMG67ed11d269ad43.29621386.jpg",
      "image_4": "IMG67ed11d269ad72.13484214.jpg",
      "productname": "Women stylist dress",
      "price": "3999",
      "product_type": "suit",
      "color": "black",
      "gender": "women",
      "season": "",
      "1feature": "Fit : Slim-Fit",
      "2feature": "Shade : Regular",
      "3feature": "Mid-Rise : mid-rise",
      "4feature": "Cropped : Yes, cropped",
      "material": "90% cotton, 5% polyester, 5% elastane",
      "care": "Machine Wash",
      "count": "5",
      "rating": "5"
    }
  ],
  "Status": 200
}{
  "Time": "April 2026 Monday at 03:32:11 pm",
  "Endpoint": "/products/pid/012",
  "Method": "GET",
  "Data": [
    {
      "brand": "Adidas",
      "pid": "012",
      "image_url": "IMG67ed57bc9ee375.12289047.jpg",
      "country_of_origin": "India",
      "seller": "",
      "returnable": 1,
      "exchangeable": 1,
      "image_1": "IMG67ed57bc9ee6e4.69104071.jpg",
      "image_2": "IMG67ed57bc9ee712.69648245.jpg",
      "image_3": "IMG67ed57bc9ee751.16067346.jpg",
      "image_4": "IMG67ed57bc9ee775.19055651.jpg",
      "productname": "Women casual dress",
      "price": "1999",
      "product_type": "suit",
      "color": "black",
      "gender": "women",
      "season": "",
      "1feature": "Fit : Slim-Fit",
      "2feature": "Shade : Regular",
      "3feature": "Mid-Rise : mid-rise",
      "4feature": "Cropped : Yes, cropped",
      "material": "90% cotton, 5% polyester, 5% elastane",
      "care": "Machine Wash",
      "count": "2",
      "rating": "0"
    }
  ],
  "Status": 200
}{
  "Time": "April 2026 Monday at 03:32:20 pm",
  "Endpoint": "/products/pid/002",
  "Method": "GET",
  "Data": [
    {
      "brand": "Adidas",
      "pid": "002",
      "image_url": "IMG67ed0fd32b37e3.28706772.jpg",
      "country_of_origin": "India",
      "seller": "",
      "returnable": 1,
      "exchangeable": 1,
      "image_1": "IMG67ed0fd32b3a92.08247770.jpg",
      "image_2": "IMG67ed0fd32b3ab0.55728221.jpg",
      "image_3": "IMG67ed0fd32b3ad4.83009187.jpg",
      "image_4": "IMG67ed0fd32b3af1.20143004.jpg",
      "productname": "women stylist dress",
      "price": "2999",
      "product_type": "suit",
      "color": "black",
      "gender": "women",
      "season": "",
      "1feature": "Fit : Slim-Fit",
      "2feature": "Shade : Regular",
      "3feature": "Mid-Rise : mid-rise",
      "4feature": "Cropped : Yes, cropped",
      "material": "90% cotton, 5% polyester, 5% elastane",
      "care": "Machine Wash",
      "count": "0",
      "rating": "0"
    }
  ],
  "Status": 200
}{
  "Time": "April 2026 Monday at 03:32:29 pm",
  "Endpoint": "/products/pid/1000",
  "Method": "GET",
  "Data": [
    {
      "brand": "Adidas",
      "pid": "1000",
      "image_url": "IMG6655f2fc192f60.27361742.jpg",
      "country_of_origin": "India",
      "seller": "",
      "returnable": 1,
      "exchangeable": 1,
      "image_1": "",
      "image_2": "",
      "image_3": "",
      "image_4": "",
      "productname": "Black Cap for Women",
      "price": "1000",
      "product_type": "cap",
      "color": "black",
      "gender": "women",
      "season": "",
      "1feature": "",
      "2feature": "",
      "3feature": "",
      "4feature": "",
      "material": "",
      "care": "",
      "count": "0",
      "rating": "0"
    }
  ],
  "Status": 200
}{
  "Time": "April 2026 Monday at 03:32:39 pm",
  "Endpoint": "/products/pid/1000",
  "Method": "GET",
  "Data": [
    {
      "brand": "Adidas",
      "pid": "1000",
      "image_url": "IMG6655f2fc192f60.27361742.jpg",
      "country_of_origin": "India",
      "seller": "",
      "returnable": 1,
      "exchangeable": 1,
      "image_1": "",
      "image_2": "",
      "image_3": "",
      "image_4": "",
      "productname": "Black Cap for Women",
      "price": "1000",
      "product_type": "cap",
      "color": "black",
      "gender": "women",
      "season": "",
      "1feature": "",
      "2feature": "",
      "3feature": "",
      "4feature": "",
      "material": "",
      "care": "",
      "count": "0",
      "rating": "0"
    }
  ],
  "Status": 200
}{
  "Time": "April 2026 Monday at 03:33:13 pm",
  "Endpoint": "/products/pid/3000",
  "Method": "GET",
  "Data": [
    {
      "brand": "Levis",
      "pid": "3000",
      "image_url": "IMG66c1ae97bfac31.86719565.jpg",
      "country_of_origin": "India",
      "seller": "",
      "returnable": 1,
      "exchangeable": 1,
      "image_1": "IMG66c1ae97bfae08.39040184.jpg",
      "image_2": "IMG66c1ae97bfae27.50616904.jpg",
      "image_3": "IMG66c1ae97bfae36.17482354.jpg",
      "image_4": "IMG66c1ae97bfae44.90674644.jpg",
      "productname": "Unisex jeans and caps for men and women",
      "price": "1200",
      "product_type": "Jeans",
      "color": "Blue",
      "gender": "Men",
      "season": "",
      "1feature": "Fit : Slim-Fit",
      "2feature": "Shade : Regular",
      "3feature": "Mid-Rise : mid-rise",
      "4feature": "Cropped : Yes, cropped",
      "material": "90% cotton, 5% polyester, 5% elastane",
      "care": "Machine Wash",
      "count": "9",
      "rating": "5"
    }
  ],
  "Status": 200
}{
  "Time": "April 2026 Monday at 03:34:20 pm",
  "Endpoint": "/products/pid/007",
  "Method": "GET",
  "Data": [
    {
      "brand": "Adidas",
      "pid": "007",
      "image_url": "IMG67ed11d269ac33.97924931.jpg",
      "country_of_origin": "India",
      "seller": "",
      "returnable": 1,
      "exchangeable": 1,
      "image_1": "IMG67ed11d269ad07.10108410.jpg",
      "image_2": "IMG67ed11d269ad27.63170841.jpg",
      "image_3": "IMG67ed11d269ad43.29621386.jpg",
      "image_4": "IMG67ed11d269ad72.13484214.jpg",
      "productname": "Women stylist dress",
      "price": "3999",
      "product_type": "suit",
      "color": "black",
      "gender": "women",
      "season": "",
      "1feature": "Fit : Slim-Fit",
      "2feature": "Shade : Regular",
      "3feature": "Mid-Rise : mid-rise",
      "4feature": "Cropped : Yes, cropped",
      "material": "90% cotton, 5% polyester, 5% elastane",
      "care": "Machine Wash",
      "count": "5",
      "rating": "5"
    }
  ],
  "Status": 200
}{
  "Time": "April 2026 Monday at 03:34:36 pm",
  "Endpoint": "/products/pid/009",
  "Method": "GET",
  "Data": [
    {
      "brand": "Adidas",
      "pid": "009",
      "image_url": "IMG67ed4cf1cdeff3.67674769.jpg",
      "country_of_origin": "India",
      "seller": "",
      "returnable": 1,
      "exchangeable": 1,
      "image_1": "IMG67ed4cf1cdf144.01146363.jpg",
      "image_2": "IMG67ed4cf1cdf154.57735384.jpg",
      "image_3": "IMG67ed4cf1cdf160.97934026.jpg",
      "image_4": "IMG67ed4cf1cdf175.64615169.jpg",
      "productname": "Men stylist dress",
      "price": "3999",
      "product_type": "suit",
      "color": "black",
      "gender": "men",
      "season": "",
      "1feature": "Fit : Slim-Fit",
      "2feature": "Shade : Regular",
      "3feature": "Mid-Rise : mid-rise",
      "4feature": "Cropped : Yes, cropped",
      "material": "90% cotton, 5% polyester, 5% elastane",
      "care": "Machine Wash",
      "count": "4",
      "rating": "0"
    }
  ],
  "Status": 200
}