{
  "Time": "April 2026 Friday at 12:43:16 am",
  "Endpoint": "/products/pid/008",
  "Method": "GET",
  "Data": [
    {
      "brand": "Adidas",
      "pid": "008",
      "image_url": "IMG67ed1228072cd3.74928264.jpg",
      "country_of_origin": "India",
      "seller": "",
      "returnable": 1,
      "exchangeable": 1,
      "image_1": "IMG67ed1228072e61.33587509.jpg",
      "image_2": "IMG67ed1228072e83.94975255.jpg",
      "image_3": "IMG67ed1228072ea0.79320432.jpg",
      "image_4": "IMG67ed1228072ec0.43469785.jpg",
      "productname": "Men stylist dress",
      "price": "3999",
      "product_type": "suit",
      "color": "black",
      "gender": "men",
      "season": "",
      "1feature": "Fit : Slim-Fit",
      "2feature": "Shade : Regular",
      "3feature": "Mid-Rise : mid-rise",
      "4feature": "Cropped : Yes, cropped",
      "material": "90% cotton, 5% polyester, 5% elastane",
      "care": "Machine Wash",
      "count": "8",
      "rating": "0"
    }
  ],
  "Status": 200
}{
  "Time": "April 2026 Friday at 12:43:23 am",
  "Endpoint": "/products/pid/004",
  "Method": "GET",
  "Data": [
    {
      "brand": "Adidas",
      "pid": "004",
      "image_url": "IMG67ed10ecd3f0d2.65214434.jpg",
      "country_of_origin": "India",
      "seller": "",
      "returnable": 1,
      "exchangeable": 1,
      "image_1": "IMG67ed10ecd3f1c2.11786776.jpg",
      "image_2": "IMG67ed10ecd3f1e6.69849189.jpg",
      "image_3": "IMG67ed10ecd3f203.11489399.jpg",
      "image_4": "IMG67ed10ecd3f222.22917712.jpg",
      "productname": "men stylist dress",
      "price": "1999",
      "product_type": "suit",
      "color": "black",
      "gender": "men",
      "season": "",
      "1feature": "Fit : Slim-Fit",
      "2feature": "Shade : Regular",
      "3feature": "Mid-Rise : mid-rise",
      "4feature": "Cropped : Yes, cropped",
      "material": "90% cotton, 5% polyester, 5% elastane",
      "care": "Machine Wash",
      "count": "0",
      "rating": "0"
    }
  ],
  "Status": 200
}{
  "Time": "April 2026 Friday at 12:43:26 am",
  "Endpoint": "/products/pid/008",
  "Method": "GET",
  "Data": [
    {
      "brand": "Adidas",
      "pid": "008",
      "image_url": "IMG67ed1228072cd3.74928264.jpg",
      "country_of_origin": "India",
      "seller": "",
      "returnable": 1,
      "exchangeable": 1,
      "image_1": "IMG67ed1228072e61.33587509.jpg",
      "image_2": "IMG67ed1228072e83.94975255.jpg",
      "image_3": "IMG67ed1228072ea0.79320432.jpg",
      "image_4": "IMG67ed1228072ec0.43469785.jpg",
      "productname": "Men stylist dress",
      "price": "3999",
      "product_type": "suit",
      "color": "black",
      "gender": "men",
      "season": "",
      "1feature": "Fit : Slim-Fit",
      "2feature": "Shade : Regular",
      "3feature": "Mid-Rise : mid-rise",
      "4feature": "Cropped : Yes, cropped",
      "material": "90% cotton, 5% polyester, 5% elastane",
      "care": "Machine Wash",
      "count": "8",
      "rating": "0"
    }
  ],
  "Status": 200
}{
  "Time": "April 2026 Friday at 12:44:04 am",
  "Endpoint": "/products/pid/006",
  "Method": "GET",
  "Data": [
    {
      "brand": "Adidas",
      "pid": "006",
      "image_url": "IMG67ed111354d591.45246772.jpg",
      "country_of_origin": "India",
      "seller": "",
      "returnable": 1,
      "exchangeable": 1,
      "image_1": "IMG67ed111354d6b2.68267159.jpg",
      "image_2": "IMG67ed111354d6d5.55583752.jpg",
      "image_3": "IMG67ed111354d707.77510695.jpg",
      "image_4": "IMG67ed111354d721.85775494.jpg",
      "productname": "men stylist dress",
      "price": "3999",
      "product_type": "suit",
      "color": "black",
      "gender": "men",
      "season": "",
      "1feature": "Fit : Slim-Fit",
      "2feature": "Shade : Regular",
      "3feature": "Mid-Rise : mid-rise",
      "4feature": "Cropped : Yes, cropped",
      "material": "90% cotton, 5% polyester, 5% elastane",
      "care": "Machine Wash",
      "count": "7",
      "rating": "0"
    }
  ],
  "Status": 200
}{
  "Time": "April 2026 Friday at 12:48:37 am",
  "Endpoint": "/products/pid/010",
  "Method": "GET",
  "Data": [
    {
      "brand": "Adidas",
      "pid": "010",
      "image_url": "IMG67ed4d54544ff0.58119434.jpg",
      "country_of_origin": "India",
      "seller": "",
      "returnable": 1,
      "exchangeable": 1,
      "image_1": "IMG67ed4d545450e9.75736142.jpg",
      "image_2": "IMG67ed4d54545102.48577093.jpg",
      "image_3": "IMG67ed4d54545119.59621643.jpg",
      "image_4": "IMG67ed4d54545126.59537119.jpg",
      "productname": "Men casual dress",
      "price": "1999",
      "product_type": "suit",
      "color": "black",
      "gender": "men",
      "season": "",
      "1feature": "Fit : Slim-Fit",
      "2feature": "Shade : Regular",
      "3feature": "Mid-Rise : mid-rise",
      "4feature": "Cropped : Yes, cropped",
      "material": "90% cotton, 5% polyester, 5% elastane",
      "care": "Machine Wash",
      "count": "6",
      "rating": "4"
    }
  ],
  "Status": 200
}