{
  "Time": "April 2026 Tuesday at 01:29:57 am",
  "Endpoint": "/products/pid/010",
  "Method": "GET",
  "Data": [
    {
      "brand": "Adidas",
      "pid": "010",
      "image_url": "IMG67ed4d54544ff0.58119434.jpg",
      "country_of_origin": "India",
      "seller": "",
      "returnable": 1,
      "exchangeable": 1,
      "image_1": "IMG67ed4d545450e9.75736142.jpg",
      "image_2": "IMG67ed4d54545102.48577093.jpg",
      "image_3": "IMG67ed4d54545119.59621643.jpg",
      "image_4": "IMG67ed4d54545126.59537119.jpg",
      "productname": "Men casual dress",
      "price": "1999",
      "product_type": "suit",
      "color": "black",
      "gender": "men",
      "season": "",
      "1feature": "Fit : Slim-Fit",
      "2feature": "Shade : Regular",
      "3feature": "Mid-Rise : mid-rise",
      "4feature": "Cropped : Yes, cropped",
      "material": "90% cotton, 5% polyester, 5% elastane",
      "care": "Machine Wash",
      "count": "6",
      "rating": "4"
    }
  ],
  "Status": 200
}{
  "Time": "April 2026 Tuesday at 01:29:58 am",
  "Endpoint": "/products/pid/010",
  "Method": "GET",
  "Data": [
    {
      "brand": "Adidas",
      "pid": "010",
      "image_url": "IMG67ed4d54544ff0.58119434.jpg",
      "country_of_origin": "India",
      "seller": "",
      "returnable": 1,
      "exchangeable": 1,
      "image_1": "IMG67ed4d545450e9.75736142.jpg",
      "image_2": "IMG67ed4d54545102.48577093.jpg",
      "image_3": "IMG67ed4d54545119.59621643.jpg",
      "image_4": "IMG67ed4d54545126.59537119.jpg",
      "productname": "Men casual dress",
      "price": "1999",
      "product_type": "suit",
      "color": "black",
      "gender": "men",
      "season": "",
      "1feature": "Fit : Slim-Fit",
      "2feature": "Shade : Regular",
      "3feature": "Mid-Rise : mid-rise",
      "4feature": "Cropped : Yes, cropped",
      "material": "90% cotton, 5% polyester, 5% elastane",
      "care": "Machine Wash",
      "count": "6",
      "rating": "4"
    }
  ],
  "Status": 200
}{
  "Time": "April 2026 Tuesday at 01:30:10 am",
  "Endpoint": "/products/pid/006",
  "Method": "GET",
  "Data": [
    {
      "brand": "Adidas",
      "pid": "006",
      "image_url": "IMG67ed111354d591.45246772.jpg",
      "country_of_origin": "India",
      "seller": "",
      "returnable": 1,
      "exchangeable": 1,
      "image_1": "IMG67ed111354d6b2.68267159.jpg",
      "image_2": "IMG67ed111354d6d5.55583752.jpg",
      "image_3": "IMG67ed111354d707.77510695.jpg",
      "image_4": "IMG67ed111354d721.85775494.jpg",
      "productname": "men stylist dress",
      "price": "3999",
      "product_type": "suit",
      "color": "black",
      "gender": "men",
      "season": "",
      "1feature": "Fit : Slim-Fit",
      "2feature": "Shade : Regular",
      "3feature": "Mid-Rise : mid-rise",
      "4feature": "Cropped : Yes, cropped",
      "material": "90% cotton, 5% polyester, 5% elastane",
      "care": "Machine Wash",
      "count": "7",
      "rating": "0"
    }
  ],
  "Status": 200
}{
  "Time": "April 2026 Tuesday at 01:30:35 am",
  "Endpoint": "/products/pid/010",
  "Method": "GET",
  "Data": [
    {
      "brand": "Adidas",
      "pid": "010",
      "image_url": "IMG67ed4d54544ff0.58119434.jpg",
      "country_of_origin": "India",
      "seller": "",
      "returnable": 1,
      "exchangeable": 1,
      "image_1": "IMG67ed4d545450e9.75736142.jpg",
      "image_2": "IMG67ed4d54545102.48577093.jpg",
      "image_3": "IMG67ed4d54545119.59621643.jpg",
      "image_4": "IMG67ed4d54545126.59537119.jpg",
      "productname": "Men casual dress",
      "price": "1999",
      "product_type": "suit",
      "color": "black",
      "gender": "men",
      "season": "",
      "1feature": "Fit : Slim-Fit",
      "2feature": "Shade : Regular",
      "3feature": "Mid-Rise : mid-rise",
      "4feature": "Cropped : Yes, cropped",
      "material": "90% cotton, 5% polyester, 5% elastane",
      "care": "Machine Wash",
      "count": "6",
      "rating": "4"
    }
  ],
  "Status": 200
}{
  "Time": "April 2026 Tuesday at 01:32:21 am",
  "Endpoint": "/products/pid/010",
  "Method": "GET",
  "Data": [
    {
      "brand": "Adidas",
      "pid": "010",
      "image_url": "IMG67ed4d54544ff0.58119434.jpg",
      "country_of_origin": "India",
      "seller": "",
      "returnable": 1,
      "exchangeable": 1,
      "image_1": "IMG67ed4d545450e9.75736142.jpg",
      "image_2": "IMG67ed4d54545102.48577093.jpg",
      "image_3": "IMG67ed4d54545119.59621643.jpg",
      "image_4": "IMG67ed4d54545126.59537119.jpg",
      "productname": "Men casual dress",
      "price": "1999",
      "product_type": "suit",
      "color": "black",
      "gender": "men",
      "season": "",
      "1feature": "Fit : Slim-Fit",
      "2feature": "Shade : Regular",
      "3feature": "Mid-Rise : mid-rise",
      "4feature": "Cropped : Yes, cropped",
      "material": "90% cotton, 5% polyester, 5% elastane",
      "care": "Machine Wash",
      "count": "6",
      "rating": "4"
    }
  ],
  "Status": 200
}{
  "Time": "April 2026 Tuesday at 01:32:55 am",
  "Endpoint": "/products/pid/3000",
  "Method": "GET",
  "Data": [
    {
      "brand": "Levis",
      "pid": "3000",
      "image_url": "IMG66c1ae97bfac31.86719565.jpg",
      "country_of_origin": "India",
      "seller": "",
      "returnable": 1,
      "exchangeable": 1,
      "image_1": "IMG66c1ae97bfae08.39040184.jpg",
      "image_2": "IMG66c1ae97bfae27.50616904.jpg",
      "image_3": "IMG66c1ae97bfae36.17482354.jpg",
      "image_4": "IMG66c1ae97bfae44.90674644.jpg",
      "productname": "Unisex jeans and caps for men and women",
      "price": "1200",
      "product_type": "Jeans",
      "color": "Blue",
      "gender": "Men",
      "season": "",
      "1feature": "Fit : Slim-Fit",
      "2feature": "Shade : Regular",
      "3feature": "Mid-Rise : mid-rise",
      "4feature": "Cropped : Yes, cropped",
      "material": "90% cotton, 5% polyester, 5% elastane",
      "care": "Machine Wash",
      "count": "9",
      "rating": "5"
    }
  ],
  "Status": 200
}