{
  "Time": "April 2026 Wednesday at 05:00:06 pm",
  "Endpoint": "/products/pid/3000",
  "Method": "GET",
  "Data": [
    {
      "brand": "Levis",
      "pid": "3000",
      "image_url": "IMG66c1ae97bfac31.86719565.jpg",
      "country_of_origin": "India",
      "seller": "",
      "returnable": 1,
      "exchangeable": 1,
      "image_1": "IMG66c1ae97bfae08.39040184.jpg",
      "image_2": "IMG66c1ae97bfae27.50616904.jpg",
      "image_3": "IMG66c1ae97bfae36.17482354.jpg",
      "image_4": "IMG66c1ae97bfae44.90674644.jpg",
      "productname": "Unisex jeans and caps for men and women",
      "price": "1200",
      "product_type": "Jeans",
      "color": "Blue",
      "gender": "Men",
      "season": "",
      "1feature": "Fit : Slim-Fit",
      "2feature": "Shade : Regular",
      "3feature": "Mid-Rise : mid-rise",
      "4feature": "Cropped : Yes, cropped",
      "material": "90% cotton, 5% polyester, 5% elastane",
      "care": "Machine Wash",
      "count": "9",
      "rating": "5"
    }
  ],
  "Status": 200
}{
  "Time": "April 2026 Wednesday at 05:00:06 pm",
  "Endpoint": "/products/pid/3000",
  "Method": "GET",
  "Data": [
    {
      "brand": "Levis",
      "pid": "3000",
      "image_url": "IMG66c1ae97bfac31.86719565.jpg",
      "country_of_origin": "India",
      "seller": "",
      "returnable": 1,
      "exchangeable": 1,
      "image_1": "IMG66c1ae97bfae08.39040184.jpg",
      "image_2": "IMG66c1ae97bfae27.50616904.jpg",
      "image_3": "IMG66c1ae97bfae36.17482354.jpg",
      "image_4": "IMG66c1ae97bfae44.90674644.jpg",
      "productname": "Unisex jeans and caps for men and women",
      "price": "1200",
      "product_type": "Jeans",
      "color": "Blue",
      "gender": "Men",
      "season": "",
      "1feature": "Fit : Slim-Fit",
      "2feature": "Shade : Regular",
      "3feature": "Mid-Rise : mid-rise",
      "4feature": "Cropped : Yes, cropped",
      "material": "90% cotton, 5% polyester, 5% elastane",
      "care": "Machine Wash",
      "count": "9",
      "rating": "5"
    }
  ],
  "Status": 200
}{
  "Time": "April 2026 Wednesday at 05:04:04 pm",
  "Endpoint": "/products/pid/008",
  "Method": "GET",
  "Data": [
    {
      "brand": "Adidas",
      "pid": "008",
      "image_url": "IMG67ed1228072cd3.74928264.jpg",
      "country_of_origin": "India",
      "seller": "",
      "returnable": 1,
      "exchangeable": 1,
      "image_1": "IMG67ed1228072e61.33587509.jpg",
      "image_2": "IMG67ed1228072e83.94975255.jpg",
      "image_3": "IMG67ed1228072ea0.79320432.jpg",
      "image_4": "IMG67ed1228072ec0.43469785.jpg",
      "productname": "Men stylist dress",
      "price": "3999",
      "product_type": "suit",
      "color": "black",
      "gender": "men",
      "season": "",
      "1feature": "Fit : Slim-Fit",
      "2feature": "Shade : Regular",
      "3feature": "Mid-Rise : mid-rise",
      "4feature": "Cropped : Yes, cropped",
      "material": "90% cotton, 5% polyester, 5% elastane",
      "care": "Machine Wash",
      "count": "8",
      "rating": "0"
    }
  ],
  "Status": 200
}{
  "Time": "April 2026 Wednesday at 05:04:27 pm",
  "Endpoint": "/products/pid/008",
  "Method": "GET",
  "Data": [
    {
      "brand": "Adidas",
      "pid": "008",
      "image_url": "IMG67ed1228072cd3.74928264.jpg",
      "country_of_origin": "India",
      "seller": "",
      "returnable": 1,
      "exchangeable": 1,
      "image_1": "IMG67ed1228072e61.33587509.jpg",
      "image_2": "IMG67ed1228072e83.94975255.jpg",
      "image_3": "IMG67ed1228072ea0.79320432.jpg",
      "image_4": "IMG67ed1228072ec0.43469785.jpg",
      "productname": "Men stylist dress",
      "price": "3999",
      "product_type": "suit",
      "color": "black",
      "gender": "men",
      "season": "",
      "1feature": "Fit : Slim-Fit",
      "2feature": "Shade : Regular",
      "3feature": "Mid-Rise : mid-rise",
      "4feature": "Cropped : Yes, cropped",
      "material": "90% cotton, 5% polyester, 5% elastane",
      "care": "Machine Wash",
      "count": "8",
      "rating": "0"
    }
  ],
  "Status": 200
}{
  "Time": "April 2026 Wednesday at 05:04:31 pm",
  "Endpoint": "/products/pid/010",
  "Method": "GET",
  "Data": [
    {
      "brand": "Adidas",
      "pid": "010",
      "image_url": "IMG67ed4d54544ff0.58119434.jpg",
      "country_of_origin": "India",
      "seller": "",
      "returnable": 1,
      "exchangeable": 1,
      "image_1": "IMG67ed4d545450e9.75736142.jpg",
      "image_2": "IMG67ed4d54545102.48577093.jpg",
      "image_3": "IMG67ed4d54545119.59621643.jpg",
      "image_4": "IMG67ed4d54545126.59537119.jpg",
      "productname": "Men casual dress",
      "price": "1999",
      "product_type": "suit",
      "color": "black",
      "gender": "men",
      "season": "",
      "1feature": "Fit : Slim-Fit",
      "2feature": "Shade : Regular",
      "3feature": "Mid-Rise : mid-rise",
      "4feature": "Cropped : Yes, cropped",
      "material": "90% cotton, 5% polyester, 5% elastane",
      "care": "Machine Wash",
      "count": "6",
      "rating": "4"
    }
  ],
  "Status": 200
}{
  "Time": "April 2026 Wednesday at 05:08:45 pm",
  "Endpoint": "/products/pid/010",
  "Method": "GET",
  "Data": [
    {
      "brand": "Adidas",
      "pid": "010",
      "image_url": "IMG67ed4d54544ff0.58119434.jpg",
      "country_of_origin": "India",
      "seller": "",
      "returnable": 1,
      "exchangeable": 1,
      "image_1": "IMG67ed4d545450e9.75736142.jpg",
      "image_2": "IMG67ed4d54545102.48577093.jpg",
      "image_3": "IMG67ed4d54545119.59621643.jpg",
      "image_4": "IMG67ed4d54545126.59537119.jpg",
      "productname": "Men casual dress",
      "price": "1999",
      "product_type": "suit",
      "color": "black",
      "gender": "men",
      "season": "",
      "1feature": "Fit : Slim-Fit",
      "2feature": "Shade : Regular",
      "3feature": "Mid-Rise : mid-rise",
      "4feature": "Cropped : Yes, cropped",
      "material": "90% cotton, 5% polyester, 5% elastane",
      "care": "Machine Wash",
      "count": "6",
      "rating": "4"
    }
  ],
  "Status": 200
}{
  "Time": "April 2026 Wednesday at 05:10:25 pm",
  "Endpoint": "/products/pid/010",
  "Method": "GET",
  "Data": [
    {
      "brand": "Adidas",
      "pid": "010",
      "image_url": "IMG67ed4d54544ff0.58119434.jpg",
      "country_of_origin": "India",
      "seller": "",
      "returnable": 1,
      "exchangeable": 1,
      "image_1": "IMG67ed4d545450e9.75736142.jpg",
      "image_2": "IMG67ed4d54545102.48577093.jpg",
      "image_3": "IMG67ed4d54545119.59621643.jpg",
      "image_4": "IMG67ed4d54545126.59537119.jpg",
      "productname": "Men casual dress",
      "price": "1999",
      "product_type": "suit",
      "color": "black",
      "gender": "men",
      "season": "",
      "1feature": "Fit : Slim-Fit",
      "2feature": "Shade : Regular",
      "3feature": "Mid-Rise : mid-rise",
      "4feature": "Cropped : Yes, cropped",
      "material": "90% cotton, 5% polyester, 5% elastane",
      "care": "Machine Wash",
      "count": "6",
      "rating": "4"
    }
  ],
  "Status": 200
}{
  "Time": "April 2026 Wednesday at 05:10:46 pm",
  "Endpoint": "/products/pid/010",
  "Method": "GET",
  "Data": [
    {
      "brand": "Adidas",
      "pid": "010",
      "image_url": "IMG67ed4d54544ff0.58119434.jpg",
      "country_of_origin": "India",
      "seller": "",
      "returnable": 1,
      "exchangeable": 1,
      "image_1": "IMG67ed4d545450e9.75736142.jpg",
      "image_2": "IMG67ed4d54545102.48577093.jpg",
      "image_3": "IMG67ed4d54545119.59621643.jpg",
      "image_4": "IMG67ed4d54545126.59537119.jpg",
      "productname": "Men casual dress",
      "price": "1999",
      "product_type": "suit",
      "color": "black",
      "gender": "men",
      "season": "",
      "1feature": "Fit : Slim-Fit",
      "2feature": "Shade : Regular",
      "3feature": "Mid-Rise : mid-rise",
      "4feature": "Cropped : Yes, cropped",
      "material": "90% cotton, 5% polyester, 5% elastane",
      "care": "Machine Wash",
      "count": "6",
      "rating": "4"
    }
  ],
  "Status": 200
}{
  "Time": "April 2026 Wednesday at 05:10:47 pm",
  "Endpoint": "/products/pid/010",
  "Method": "GET",
  "Data": [
    {
      "brand": "Adidas",
      "pid": "010",
      "image_url": "IMG67ed4d54544ff0.58119434.jpg",
      "country_of_origin": "India",
      "seller": "",
      "returnable": 1,
      "exchangeable": 1,
      "image_1": "IMG67ed4d545450e9.75736142.jpg",
      "image_2": "IMG67ed4d54545102.48577093.jpg",
      "image_3": "IMG67ed4d54545119.59621643.jpg",
      "image_4": "IMG67ed4d54545126.59537119.jpg",
      "productname": "Men casual dress",
      "price": "1999",
      "product_type": "suit",
      "color": "black",
      "gender": "men",
      "season": "",
      "1feature": "Fit : Slim-Fit",
      "2feature": "Shade : Regular",
      "3feature": "Mid-Rise : mid-rise",
      "4feature": "Cropped : Yes, cropped",
      "material": "90% cotton, 5% polyester, 5% elastane",
      "care": "Machine Wash",
      "count": "6",
      "rating": "4"
    }
  ],
  "Status": 200
}{
  "Time": "April 2026 Wednesday at 05:12:02 pm",
  "Endpoint": "/products/pid/010",
  "Method": "GET",
  "Data": [
    {
      "brand": "Adidas",
      "pid": "010",
      "image_url": "IMG67ed4d54544ff0.58119434.jpg",
      "country_of_origin": "India",
      "seller": "",
      "returnable": 1,
      "exchangeable": 1,
      "image_1": "IMG67ed4d545450e9.75736142.jpg",
      "image_2": "IMG67ed4d54545102.48577093.jpg",
      "image_3": "IMG67ed4d54545119.59621643.jpg",
      "image_4": "IMG67ed4d54545126.59537119.jpg",
      "productname": "Men casual dress",
      "price": "1999",
      "product_type": "suit",
      "color": "black",
      "gender": "men",
      "season": "",
      "1feature": "Fit : Slim-Fit",
      "2feature": "Shade : Regular",
      "3feature": "Mid-Rise : mid-rise",
      "4feature": "Cropped : Yes, cropped",
      "material": "90% cotton, 5% polyester, 5% elastane",
      "care": "Machine Wash",
      "count": "6",
      "rating": "4"
    }
  ],
  "Status": 200
}{
  "Time": "April 2026 Wednesday at 05:26:01 pm",
  "Endpoint": "/products/pid/007",
  "Method": "GET",
  "Data": [
    {
      "brand": "Adidas",
      "pid": "007",
      "image_url": "IMG67ed11d269ac33.97924931.jpg",
      "country_of_origin": "India",
      "seller": "",
      "returnable": 1,
      "exchangeable": 1,
      "image_1": "IMG67ed11d269ad07.10108410.jpg",
      "image_2": "IMG67ed11d269ad27.63170841.jpg",
      "image_3": "IMG67ed11d269ad43.29621386.jpg",
      "image_4": "IMG67ed11d269ad72.13484214.jpg",
      "productname": "Women stylist dress",
      "price": "3999",
      "product_type": "suit",
      "color": "black",
      "gender": "women",
      "season": "",
      "1feature": "Fit : Slim-Fit",
      "2feature": "Shade : Regular",
      "3feature": "Mid-Rise : mid-rise",
      "4feature": "Cropped : Yes, cropped",
      "material": "90% cotton, 5% polyester, 5% elastane",
      "care": "Machine Wash",
      "count": "4",
      "rating": "0"
    }
  ],
  "Status": 200
}{
  "Time": "April 2026 Wednesday at 05:26:37 pm",
  "Endpoint": "/products/pid/007",
  "Method": "GET",
  "Data": [
    {
      "brand": "Adidas",
      "pid": "007",
      "image_url": "IMG67ed11d269ac33.97924931.jpg",
      "country_of_origin": "India",
      "seller": "",
      "returnable": 1,
      "exchangeable": 1,
      "image_1": "IMG67ed11d269ad07.10108410.jpg",
      "image_2": "IMG67ed11d269ad27.63170841.jpg",
      "image_3": "IMG67ed11d269ad43.29621386.jpg",
      "image_4": "IMG67ed11d269ad72.13484214.jpg",
      "productname": "Women stylist dress",
      "price": "3999",
      "product_type": "suit",
      "color": "black",
      "gender": "women",
      "season": "",
      "1feature": "Fit : Slim-Fit",
      "2feature": "Shade : Regular",
      "3feature": "Mid-Rise : mid-rise",
      "4feature": "Cropped : Yes, cropped",
      "material": "90% cotton, 5% polyester, 5% elastane",
      "care": "Machine Wash",
      "count": "4",
      "rating": "0"
    }
  ],
  "Status": 200
}{
  "Time": "April 2026 Wednesday at 05:26:51 pm",
  "Endpoint": "/products/pid/011",
  "Method": "GET",
  "Data": [
    {
      "brand": "Adidas",
      "pid": "011",
      "image_url": "IMG67ed4e012649a4.49468876.jpg",
      "country_of_origin": "India",
      "seller": "",
      "returnable": 1,
      "exchangeable": 1,
      "image_1": "IMG67ed4e01264ab1.81750857.jpg",
      "image_2": "IMG67ed4e01264ac9.09936348.jpg",
      "image_3": "IMG67ed4e01264ad3.59617905.jpg",
      "image_4": "IMG67ed4e01264ae5.77398826.jpg",
      "productname": "Women casual dress",
      "price": "1999",
      "product_type": "suit",
      "color": "black",
      "gender": "women",
      "season": "",
      "1feature": "Fit : Slim-Fit",
      "2feature": "Shade : Regular",
      "3feature": "Mid-Rise : mid-rise",
      "4feature": "Cropped : Yes, cropped",
      "material": "90% cotton, 5% polyester, 5% elastane",
      "care": "Machine Wash",
      "count": "2",
      "rating": "0"
    }
  ],
  "Status": 200
}{
  "Time": "April 2026 Wednesday at 05:29:44 pm",
  "Endpoint": "/products/pid/1000",
  "Method": "GET",
  "Data": [
    {
      "brand": "Adidas",
      "pid": "1000",
      "image_url": "IMG6655f2fc192f60.27361742.jpg",
      "country_of_origin": "India",
      "seller": "",
      "returnable": 1,
      "exchangeable": 1,
      "image_1": "",
      "image_2": "",
      "image_3": "",
      "image_4": "",
      "productname": "Black Cap for Women",
      "price": "1000",
      "product_type": "cap",
      "color": "black",
      "gender": "women",
      "season": "",
      "1feature": "",
      "2feature": "",
      "3feature": "",
      "4feature": "",
      "material": "",
      "care": "",
      "count": "0",
      "rating": "0"
    }
  ],
  "Status": 200
}{
  "Time": "April 2026 Wednesday at 05:29:53 pm",
  "Endpoint": "/products/pid/011",
  "Method": "GET",
  "Data": [
    {
      "brand": "Adidas",
      "pid": "011",
      "image_url": "IMG67ed4e012649a4.49468876.jpg",
      "country_of_origin": "India",
      "seller": "",
      "returnable": 1,
      "exchangeable": 1,
      "image_1": "IMG67ed4e01264ab1.81750857.jpg",
      "image_2": "IMG67ed4e01264ac9.09936348.jpg",
      "image_3": "IMG67ed4e01264ad3.59617905.jpg",
      "image_4": "IMG67ed4e01264ae5.77398826.jpg",
      "productname": "Women casual dress",
      "price": "1999",
      "product_type": "suit",
      "color": "black",
      "gender": "women",
      "season": "",
      "1feature": "Fit : Slim-Fit",
      "2feature": "Shade : Regular",
      "3feature": "Mid-Rise : mid-rise",
      "4feature": "Cropped : Yes, cropped",
      "material": "90% cotton, 5% polyester, 5% elastane",
      "care": "Machine Wash",
      "count": "2",
      "rating": "0"
    }
  ],
  "Status": 200
}{
  "Time": "April 2026 Wednesday at 05:29:59 pm",
  "Endpoint": "/products/pid/007",
  "Method": "GET",
  "Data": [
    {
      "brand": "Adidas",
      "pid": "007",
      "image_url": "IMG67ed11d269ac33.97924931.jpg",
      "country_of_origin": "India",
      "seller": "",
      "returnable": 1,
      "exchangeable": 1,
      "image_1": "IMG67ed11d269ad07.10108410.jpg",
      "image_2": "IMG67ed11d269ad27.63170841.jpg",
      "image_3": "IMG67ed11d269ad43.29621386.jpg",
      "image_4": "IMG67ed11d269ad72.13484214.jpg",
      "productname": "Women stylist dress",
      "price": "3999",
      "product_type": "suit",
      "color": "black",
      "gender": "women",
      "season": "",
      "1feature": "Fit : Slim-Fit",
      "2feature": "Shade : Regular",
      "3feature": "Mid-Rise : mid-rise",
      "4feature": "Cropped : Yes, cropped",
      "material": "90% cotton, 5% polyester, 5% elastane",
      "care": "Machine Wash",
      "count": "4",
      "rating": "0"
    }
  ],
  "Status": 200
}{
  "Time": "April 2026 Wednesday at 05:30:07 pm",
  "Endpoint": "/products/pid/003",
  "Method": "GET",
  "Data": [
    {
      "brand": "Adidas",
      "pid": "003",
      "image_url": "IMG67ed10d981f379.85788966.jpg",
      "country_of_origin": "India",
      "seller": "",
      "returnable": 1,
      "exchangeable": 1,
      "image_1": "IMG67ed10d981f555.00685942.jpg",
      "image_2": "IMG67ed10d981f570.70183664.jpg",
      "image_3": "IMG67ed10d981f5a1.53471045.jpg",
      "image_4": "IMG67ed10d981f5b9.47149171.jpg",
      "productname": "men stylist dress",
      "price": "2999",
      "product_type": "suit",
      "color": "black",
      "gender": "women",
      "season": "",
      "1feature": "Fit : Slim-Fit",
      "2feature": "Shade : Regular",
      "3feature": "Mid-Rise : mid-rise",
      "4feature": "Cropped : Yes, cropped",
      "material": "90% cotton, 5% polyester, 5% elastane",
      "care": "Machine Wash",
      "count": "2",
      "rating": "0"
    }
  ],
  "Status": 200
}{
  "Time": "April 2026 Wednesday at 05:30:20 pm",
  "Endpoint": "/products/pid/010",
  "Method": "GET",
  "Data": [
    {
      "brand": "Adidas",
      "pid": "010",
      "image_url": "IMG67ed4d54544ff0.58119434.jpg",
      "country_of_origin": "India",
      "seller": "",
      "returnable": 1,
      "exchangeable": 1,
      "image_1": "IMG67ed4d545450e9.75736142.jpg",
      "image_2": "IMG67ed4d54545102.48577093.jpg",
      "image_3": "IMG67ed4d54545119.59621643.jpg",
      "image_4": "IMG67ed4d54545126.59537119.jpg",
      "productname": "Men casual dress",
      "price": "1999",
      "product_type": "suit",
      "color": "black",
      "gender": "men",
      "season": "",
      "1feature": "Fit : Slim-Fit",
      "2feature": "Shade : Regular",
      "3feature": "Mid-Rise : mid-rise",
      "4feature": "Cropped : Yes, cropped",
      "material": "90% cotton, 5% polyester, 5% elastane",
      "care": "Machine Wash",
      "count": "6",
      "rating": "4"
    }
  ],
  "Status": 200
}{
  "Time": "April 2026 Wednesday at 05:32:45 pm",
  "Endpoint": "/products/pid/008",
  "Method": "GET",
  "Data": [
    {
      "brand": "Adidas",
      "pid": "008",
      "image_url": "IMG67ed1228072cd3.74928264.jpg",
      "country_of_origin": "India",
      "seller": "",
      "returnable": 1,
      "exchangeable": 1,
      "image_1": "IMG67ed1228072e61.33587509.jpg",
      "image_2": "IMG67ed1228072e83.94975255.jpg",
      "image_3": "IMG67ed1228072ea0.79320432.jpg",
      "image_4": "IMG67ed1228072ec0.43469785.jpg",
      "productname": "Men stylist dress",
      "price": "3999",
      "product_type": "suit",
      "color": "black",
      "gender": "men",
      "season": "",
      "1feature": "Fit : Slim-Fit",
      "2feature": "Shade : Regular",
      "3feature": "Mid-Rise : mid-rise",
      "4feature": "Cropped : Yes, cropped",
      "material": "90% cotton, 5% polyester, 5% elastane",
      "care": "Machine Wash",
      "count": "8",
      "rating": "0"
    }
  ],
  "Status": 200
}{
  "Time": "April 2026 Wednesday at 05:45:38 pm",
  "Endpoint": "/products/pid/008",
  "Method": "GET",
  "Data": [
    {
      "brand": "Adidas",
      "pid": "008",
      "image_url": "IMG67ed1228072cd3.74928264.jpg",
      "country_of_origin": "India",
      "seller": "",
      "returnable": 1,
      "exchangeable": 1,
      "image_1": "IMG67ed1228072e61.33587509.jpg",
      "image_2": "IMG67ed1228072e83.94975255.jpg",
      "image_3": "IMG67ed1228072ea0.79320432.jpg",
      "image_4": "IMG67ed1228072ec0.43469785.jpg",
      "productname": "Men stylist dress",
      "price": "3999",
      "product_type": "suit",
      "color": "black",
      "gender": "men",
      "season": "",
      "1feature": "Fit : Slim-Fit",
      "2feature": "Shade : Regular",
      "3feature": "Mid-Rise : mid-rise",
      "4feature": "Cropped : Yes, cropped",
      "material": "90% cotton, 5% polyester, 5% elastane",
      "care": "Machine Wash",
      "count": "8",
      "rating": "0"
    }
  ],
  "Status": 200
}