{
  "Time": "May 2026 Friday at 03:13:36 pm",
  "Endpoint": "/products/pid/01",
  "Method": "GET",
  "Data": [
    {
      "brand": "Adidas",
      "pid": "01",
      "image_url": "IMG67ececf57ed6e8.90144485.jpg",
      "country_of_origin": "India",
      "seller": "",
      "returnable": 1,
      "exchangeable": 1,
      "image_1": "IMG67ececf57ee2c8.63526470.jpg",
      "image_2": "IMG67ececf57ee305.25591127.jpg",
      "image_3": "IMG67ececf57ee316.14547397.jpg",
      "image_4": "IMG67ececf57ee322.51995837.jpg",
      "productname": "Men and Women dress",
      "price": "1990",
      "product_type": "bra",
      "color": "black",
      "gender": "men",
      "season": "",
      "1feature": "Fit : Slim-Fit",
      "2feature": "Shade : Regular",
      "3feature": "Mid-Rise : mid-rise",
      "4feature": "Cropped : Yes, cropped",
      "material": "90% cotton, 5% polyester, 5% elastane",
      "care": "Machine Wash",
      "count": "5",
      "rating": "5"
    }
  ],
  "Status": 200
}{
  "Time": "May 2026 Friday at 03:14:01 pm",
  "Endpoint": "/products/pid/009",
  "Method": "GET",
  "Data": [
    {
      "brand": "Adidas",
      "pid": "009",
      "image_url": "IMG67ed4cf1cdeff3.67674769.jpg",
      "country_of_origin": "India",
      "seller": "",
      "returnable": 1,
      "exchangeable": 1,
      "image_1": "IMG67ed4cf1cdf144.01146363.jpg",
      "image_2": "IMG67ed4cf1cdf154.57735384.jpg",
      "image_3": "IMG67ed4cf1cdf160.97934026.jpg",
      "image_4": "IMG67ed4cf1cdf175.64615169.jpg",
      "productname": "Men stylist dress",
      "price": "3999",
      "product_type": "suit",
      "color": "black",
      "gender": "men",
      "season": "",
      "1feature": "Fit : Slim-Fit",
      "2feature": "Shade : Regular",
      "3feature": "Mid-Rise : mid-rise",
      "4feature": "Cropped : Yes, cropped",
      "material": "90% cotton, 5% polyester, 5% elastane",
      "care": "Machine Wash",
      "count": "4",
      "rating": "0"
    }
  ],
  "Status": 200
}{
  "Time": "May 2026 Friday at 03:16:27 pm",
  "Endpoint": "/products/pid/009",
  "Method": "GET",
  "Data": [
    {
      "brand": "Adidas",
      "pid": "009",
      "image_url": "IMG67ed4cf1cdeff3.67674769.jpg",
      "country_of_origin": "India",
      "seller": "",
      "returnable": 1,
      "exchangeable": 1,
      "image_1": "IMG67ed4cf1cdf144.01146363.jpg",
      "image_2": "IMG67ed4cf1cdf154.57735384.jpg",
      "image_3": "IMG67ed4cf1cdf160.97934026.jpg",
      "image_4": "IMG67ed4cf1cdf175.64615169.jpg",
      "productname": "Men stylist dress",
      "price": "3999",
      "product_type": "suit",
      "color": "black",
      "gender": "men",
      "season": "",
      "1feature": "Fit : Slim-Fit",
      "2feature": "Shade : Regular",
      "3feature": "Mid-Rise : mid-rise",
      "4feature": "Cropped : Yes, cropped",
      "material": "90% cotton, 5% polyester, 5% elastane",
      "care": "Machine Wash",
      "count": "4",
      "rating": "0"
    }
  ],
  "Status": 200
}{
  "Time": "May 2026 Friday at 03:16:52 pm",
  "Endpoint": "/products/pid/007",
  "Method": "GET",
  "Data": [
    {
      "brand": "Adidas",
      "pid": "007",
      "image_url": "IMG67ed11d269ac33.97924931.jpg",
      "country_of_origin": "India",
      "seller": "",
      "returnable": 1,
      "exchangeable": 1,
      "image_1": "IMG67ed11d269ad07.10108410.jpg",
      "image_2": "IMG67ed11d269ad27.63170841.jpg",
      "image_3": "IMG67ed11d269ad43.29621386.jpg",
      "image_4": "IMG67ed11d269ad72.13484214.jpg",
      "productname": "Women stylist dress",
      "price": "3999",
      "product_type": "suit",
      "color": "black",
      "gender": "women",
      "season": "",
      "1feature": "Fit : Slim-Fit",
      "2feature": "Shade : Regular",
      "3feature": "Mid-Rise : mid-rise",
      "4feature": "Cropped : Yes, cropped",
      "material": "90% cotton, 5% polyester, 5% elastane",
      "care": "Machine Wash",
      "count": "5",
      "rating": "5"
    }
  ],
  "Status": 200
}{
  "Time": "May 2026 Friday at 03:17:03 pm",
  "Endpoint": "/products/pid/011",
  "Method": "GET",
  "Data": [
    {
      "brand": "Adidas",
      "pid": "011",
      "image_url": "IMG67ed4e012649a4.49468876.jpg",
      "country_of_origin": "India",
      "seller": "",
      "returnable": 1,
      "exchangeable": 1,
      "image_1": "IMG67ed4e01264ab1.81750857.jpg",
      "image_2": "IMG67ed4e01264ac9.09936348.jpg",
      "image_3": "IMG67ed4e01264ad3.59617905.jpg",
      "image_4": "IMG67ed4e01264ae5.77398826.jpg",
      "productname": "Women casual dress",
      "price": "1999",
      "product_type": "suit",
      "color": "black",
      "gender": "women",
      "season": "",
      "1feature": "Fit : Slim-Fit",
      "2feature": "Shade : Regular",
      "3feature": "Mid-Rise : mid-rise",
      "4feature": "Cropped : Yes, cropped",
      "material": "90% cotton, 5% polyester, 5% elastane",
      "care": "Machine Wash",
      "count": "4",
      "rating": "0"
    }
  ],
  "Status": 200
}